Archive member included to satisfy reference by file (symbol)

/usr/lib/gcc/avr/4.9.2/avr5/libgcc.a(_exit.o)
                              /usr/lib/gcc/avr/4.9.2/../../../avr/lib/avr5/crtatmega32u4.o (exit)
/usr/lib/gcc/avr/4.9.2/avr5/libgcc.a(_tablejump2.o)
                              lib/key-functions/private.o (__tablejump2__)
/usr/lib/gcc/avr/4.9.2/avr5/libgcc.a(_copy_data.o)
                              main.o (__do_copy_data)
/usr/lib/gcc/avr/4.9.2/avr5/libgcc.a(_clear_bss.o)
                              main.o (__do_clear_bss)

Allocating common symbols
Common symbol       size              file

main_loop_row       0x1               main.o
main_arg_any_non_trans_key_pressed
                    0x1               main.o
main_layers_pressed
                    0x54              main.o
consumer_key        0x2               lib-other/pjrc/usb_keyboard/usb_keyboard.o
main_arg_row        0x1               main.o
main_arg_layer      0x1               main.o
layers              0x3c              main.o
main_arg_was_pressed
                    0x1               main.o
main_arg_trans_key_pressed
                    0x1               main.o
main_arg_is_pressed
                    0x1               main.o
main_loop_col       0x1               main.o
main_arg_layer_offset
                    0x1               main.o
last_consumer_key   0x2               lib-other/pjrc/usb_keyboard/usb_keyboard.o
main_arg_col        0x1               main.o

Discarded input sections

 .data          0x0000000000000000        0x0 /usr/lib/gcc/avr/4.9.2/../../../avr/lib/avr5/crtatmega32u4.o
 .bss           0x0000000000000000        0x0 /usr/lib/gcc/avr/4.9.2/../../../avr/lib/avr5/crtatmega32u4.o
 .text          0x0000000000000000        0x0 main.o
 .data          0x0000000000000000        0x0 main.o
 .bss           0x0000000000000000        0x0 main.o
 .text          0x0000000000000000        0x0 keyboard/ergodox/controller.o
 .data          0x0000000000000000        0x0 keyboard/ergodox/controller.o
 .bss           0x0000000000000000        0x0 keyboard/ergodox/controller.o
 .text          0x0000000000000000        0x0 keyboard/ergodox/controller/teensy-2-0.o
 .data          0x0000000000000000        0x0 keyboard/ergodox/controller/teensy-2-0.o
 .bss           0x0000000000000000        0x0 keyboard/ergodox/controller/teensy-2-0.o
 .text          0x0000000000000000        0x0 keyboard/ergodox/controller/mcp23018.o
 .data          0x0000000000000000        0x0 keyboard/ergodox/controller/mcp23018.o
 .bss           0x0000000000000000        0x0 keyboard/ergodox/controller/mcp23018.o
 .text          0x0000000000000000        0x0 keyboard/ergodox/layout/qwerty-kinesis-mod.o
 .data          0x0000000000000000        0x0 keyboard/ergodox/layout/qwerty-kinesis-mod.o
 .bss           0x0000000000000000        0x0 keyboard/ergodox/layout/qwerty-kinesis-mod.o
 .text          0x0000000000000000        0x0 lib/twi/teensy-2-0.o
 .data          0x0000000000000000        0x0 lib/twi/teensy-2-0.o
 .bss           0x0000000000000000        0x0 lib/twi/teensy-2-0.o
 .text          0x0000000000000000        0x0 lib/key-functions/private.o
 .data          0x0000000000000000        0x0 lib/key-functions/private.o
 .bss           0x0000000000000000        0x0 lib/key-functions/private.o
 .text._kbfun_is_pressed
                0x0000000000000000       0x56 lib/key-functions/private.o
 .progmem.gcc_sw_table._kbfun_is_pressed
                0x0000000000000000       0x10 lib/key-functions/private.o
 .text._kbfun_mediakey_press_release
                0x0000000000000000       0x36 lib/key-functions/private.o
 .rodata._media_code_lookup_table
                0x0000000000000000        0xe lib/key-functions/private.o
 .text          0x0000000000000000        0x0 lib/usb/TODO.o
 .data          0x0000000000000000        0x0 lib/usb/TODO.o
 .bss           0x0000000000000000        0x0 lib/usb/TODO.o
 .comment       0x0000000000000000       0x12 lib/usb/TODO.o
 .text          0x0000000000000000        0x0 lib/key-functions/public/basic.o
 .data          0x0000000000000000        0x0 lib/key-functions/public/basic.o
 .bss           0x0000000000000000        0x0 lib/key-functions/public/basic.o
 .text.layer_toggle
                0x0000000000000000       0x14 lib/key-functions/public/basic.o
 .text.layer_sticky
                0x0000000000000000       0xc0 lib/key-functions/public/basic.o
 .text.kbfun_toggle
                0x0000000000000000       0x50 lib/key-functions/public/basic.o
 .text.kbfun_layer_sticky_1
                0x0000000000000000        0x6 lib/key-functions/public/basic.o
 .text.kbfun_layer_toggle_1
                0x0000000000000000        0x6 lib/key-functions/public/basic.o
 .text.kbfun_layer_push_2
                0x0000000000000000        0x6 lib/key-functions/public/basic.o
 .text.kbfun_layer_sticky_2
                0x0000000000000000        0x6 lib/key-functions/public/basic.o
 .text.kbfun_layer_pop_2
                0x0000000000000000        0x6 lib/key-functions/public/basic.o
 .text.kbfun_layer_toggle_2
                0x0000000000000000        0x6 lib/key-functions/public/basic.o
 .text.kbfun_layer_push_3
                0x0000000000000000        0x6 lib/key-functions/public/basic.o
 .text.kbfun_layer_sticky_3
                0x0000000000000000        0x6 lib/key-functions/public/basic.o
 .text.kbfun_layer_pop_3
                0x0000000000000000        0x6 lib/key-functions/public/basic.o
 .text.kbfun_layer_toggle_3
                0x0000000000000000        0x6 lib/key-functions/public/basic.o
 .text.kbfun_layer_push_4
                0x0000000000000000        0x6 lib/key-functions/public/basic.o
 .text.kbfun_layer_sticky_4
                0x0000000000000000        0x6 lib/key-functions/public/basic.o
 .text.kbfun_layer_pop_4
                0x0000000000000000        0x6 lib/key-functions/public/basic.o
 .text.kbfun_layer_toggle_4
                0x0000000000000000        0x6 lib/key-functions/public/basic.o
 .text.kbfun_layer_push_5
                0x0000000000000000        0x6 lib/key-functions/public/basic.o
 .text.kbfun_layer_sticky_5
                0x0000000000000000        0x6 lib/key-functions/public/basic.o
 .text.kbfun_layer_pop_5
                0x0000000000000000        0x6 lib/key-functions/public/basic.o
 .text.kbfun_layer_toggle_5
                0x0000000000000000        0x6 lib/key-functions/public/basic.o
 .text.kbfun_layer_push_6
                0x0000000000000000        0x6 lib/key-functions/public/basic.o
 .text.kbfun_layer_sticky_6
                0x0000000000000000        0x6 lib/key-functions/public/basic.o
 .text.kbfun_layer_pop_6
                0x0000000000000000        0x6 lib/key-functions/public/basic.o
 .text.kbfun_layer_toggle_6
                0x0000000000000000        0x6 lib/key-functions/public/basic.o
 .text.kbfun_layer_push_7
                0x0000000000000000        0x6 lib/key-functions/public/basic.o
 .text.kbfun_layer_sticky_7
                0x0000000000000000        0x6 lib/key-functions/public/basic.o
 .text.kbfun_layer_pop_7
                0x0000000000000000        0x6 lib/key-functions/public/basic.o
 .text.kbfun_layer_toggle_7
                0x0000000000000000        0x6 lib/key-functions/public/basic.o
 .text.kbfun_layer_push_8
                0x0000000000000000        0x6 lib/key-functions/public/basic.o
 .text.kbfun_layer_sticky_8
                0x0000000000000000        0x6 lib/key-functions/public/basic.o
 .text.kbfun_layer_pop_8
                0x0000000000000000        0x6 lib/key-functions/public/basic.o
 .text.kbfun_layer_toggle_8
                0x0000000000000000        0x6 lib/key-functions/public/basic.o
 .text.kbfun_layer_push_9
                0x0000000000000000        0x6 lib/key-functions/public/basic.o
 .text.kbfun_layer_sticky_9
                0x0000000000000000        0x6 lib/key-functions/public/basic.o
 .text.kbfun_layer_pop_9
                0x0000000000000000        0x6 lib/key-functions/public/basic.o
 .text.kbfun_layer_toggle_9
                0x0000000000000000        0x6 lib/key-functions/public/basic.o
 .text.kbfun_layer_push_10
                0x0000000000000000        0x6 lib/key-functions/public/basic.o
 .text.kbfun_layer_sticky_10
                0x0000000000000000        0x6 lib/key-functions/public/basic.o
 .text.kbfun_layer_pop_10
                0x0000000000000000        0x6 lib/key-functions/public/basic.o
 .text.kbfun_layer_toggle_10
                0x0000000000000000        0x6 lib/key-functions/public/basic.o
 .text          0x0000000000000000        0x0 lib/key-functions/public/special.o
 .data          0x0000000000000000        0x0 lib/key-functions/public/special.o
 .bss           0x0000000000000000        0x0 lib/key-functions/public/special.o
 .text.numpad_toggle_numlock
                0x0000000000000000       0x18 lib/key-functions/public/special.o
 .text.kbfun_2_keys_capslock_press_release
                0x0000000000000000       0xbe lib/key-functions/public/special.o
 .text.kbfun_layer_push_numpad
                0x0000000000000000       0x44 lib/key-functions/public/special.o
 .text.kbfun_layer_pop_numpad
                0x0000000000000000       0x10 lib/key-functions/public/special.o
 .text.kbfun_mediakey_press_release
                0x0000000000000000       0x30 lib/key-functions/public/special.o
 .bss.rshift_pressed.1843
                0x0000000000000000        0x1 lib/key-functions/public/special.o
 .bss.lshift_pressed.1842
                0x0000000000000000        0x1 lib/key-functions/public/special.o
 .bss.keys_pressed.1841
                0x0000000000000000        0x1 lib/key-functions/public/special.o
 .bss.numpad_layer_id
                0x0000000000000000        0x1 lib/key-functions/public/special.o
 .text          0x0000000000000000        0x0 lib/key-functions/public/device.o
 .data          0x0000000000000000        0x0 lib/key-functions/public/device.o
 .bss           0x0000000000000000        0x0 lib/key-functions/public/device.o
 .text          0x0000000000000000        0x0 lib-other/pjrc/usb_keyboard/usb_keyboard.o
 .data          0x0000000000000000        0x0 lib-other/pjrc/usb_keyboard/usb_keyboard.o
 .bss           0x0000000000000000        0x0 lib-other/pjrc/usb_keyboard/usb_keyboard.o
 .text.usb_keyboard_press
                0x0000000000000000       0x1e lib-other/pjrc/usb_keyboard/usb_keyboard.o
 .text          0x0000000000000000        0x0 /usr/lib/gcc/avr/4.9.2/avr5/libgcc.a(_exit.o)
 .data          0x0000000000000000        0x0 /usr/lib/gcc/avr/4.9.2/avr5/libgcc.a(_exit.o)
 .bss           0x0000000000000000        0x0 /usr/lib/gcc/avr/4.9.2/avr5/libgcc.a(_exit.o)
 .text.libgcc.mul
                0x0000000000000000        0x0 /usr/lib/gcc/avr/4.9.2/avr5/libgcc.a(_exit.o)
 .text.libgcc.div
                0x0000000000000000        0x0 /usr/lib/gcc/avr/4.9.2/avr5/libgcc.a(_exit.o)
 .text.libgcc   0x0000000000000000        0x0 /usr/lib/gcc/avr/4.9.2/avr5/libgcc.a(_exit.o)
 .text.libgcc.prologue
                0x0000000000000000        0x0 /usr/lib/gcc/avr/4.9.2/avr5/libgcc.a(_exit.o)
 .text.libgcc.builtins
                0x0000000000000000        0x0 /usr/lib/gcc/avr/4.9.2/avr5/libgcc.a(_exit.o)
 .text.libgcc.fmul
                0x0000000000000000        0x0 /usr/lib/gcc/avr/4.9.2/avr5/libgcc.a(_exit.o)
 .text.libgcc.fixed
                0x0000000000000000        0x0 /usr/lib/gcc/avr/4.9.2/avr5/libgcc.a(_exit.o)
 .text          0x0000000000000000        0x0 /usr/lib/gcc/avr/4.9.2/avr5/libgcc.a(_tablejump2.o)
 .data          0x0000000000000000        0x0 /usr/lib/gcc/avr/4.9.2/avr5/libgcc.a(_tablejump2.o)
 .bss           0x0000000000000000        0x0 /usr/lib/gcc/avr/4.9.2/avr5/libgcc.a(_tablejump2.o)
 .text.libgcc.mul
                0x0000000000000000        0x0 /usr/lib/gcc/avr/4.9.2/avr5/libgcc.a(_tablejump2.o)
 .text.libgcc.div
                0x0000000000000000        0x0 /usr/lib/gcc/avr/4.9.2/avr5/libgcc.a(_tablejump2.o)
 .text.libgcc.prologue
                0x0000000000000000        0x0 /usr/lib/gcc/avr/4.9.2/avr5/libgcc.a(_tablejump2.o)
 .text.libgcc.builtins
                0x0000000000000000        0x0 /usr/lib/gcc/avr/4.9.2/avr5/libgcc.a(_tablejump2.o)
 .text.libgcc.fmul
                0x0000000000000000        0x0 /usr/lib/gcc/avr/4.9.2/avr5/libgcc.a(_tablejump2.o)
 .text.libgcc.fixed
                0x0000000000000000        0x0 /usr/lib/gcc/avr/4.9.2/avr5/libgcc.a(_tablejump2.o)
 .text          0x0000000000000000        0x0 /usr/lib/gcc/avr/4.9.2/avr5/libgcc.a(_copy_data.o)
 .data          0x0000000000000000        0x0 /usr/lib/gcc/avr/4.9.2/avr5/libgcc.a(_copy_data.o)
 .bss           0x0000000000000000        0x0 /usr/lib/gcc/avr/4.9.2/avr5/libgcc.a(_copy_data.o)
 .text.libgcc.mul
                0x0000000000000000        0x0 /usr/lib/gcc/avr/4.9.2/avr5/libgcc.a(_copy_data.o)
 .text.libgcc.div
                0x0000000000000000        0x0 /usr/lib/gcc/avr/4.9.2/avr5/libgcc.a(_copy_data.o)
 .text.libgcc   0x0000000000000000        0x0 /usr/lib/gcc/avr/4.9.2/avr5/libgcc.a(_copy_data.o)
 .text.libgcc.prologue
                0x0000000000000000        0x0 /usr/lib/gcc/avr/4.9.2/avr5/libgcc.a(_copy_data.o)
 .text.libgcc.builtins
                0x0000000000000000        0x0 /usr/lib/gcc/avr/4.9.2/avr5/libgcc.a(_copy_data.o)
 .text.libgcc.fmul
                0x0000000000000000        0x0 /usr/lib/gcc/avr/4.9.2/avr5/libgcc.a(_copy_data.o)
 .text.libgcc.fixed
                0x0000000000000000        0x0 /usr/lib/gcc/avr/4.9.2/avr5/libgcc.a(_copy_data.o)
 .text          0x0000000000000000        0x0 /usr/lib/gcc/avr/4.9.2/avr5/libgcc.a(_clear_bss.o)
 .data          0x0000000000000000        0x0 /usr/lib/gcc/avr/4.9.2/avr5/libgcc.a(_clear_bss.o)
 .bss           0x0000000000000000        0x0 /usr/lib/gcc/avr/4.9.2/avr5/libgcc.a(_clear_bss.o)
 .text.libgcc.mul
                0x0000000000000000        0x0 /usr/lib/gcc/avr/4.9.2/avr5/libgcc.a(_clear_bss.o)
 .text.libgcc.div
                0x0000000000000000        0x0 /usr/lib/gcc/avr/4.9.2/avr5/libgcc.a(_clear_bss.o)
 .text.libgcc   0x0000000000000000        0x0 /usr/lib/gcc/avr/4.9.2/avr5/libgcc.a(_clear_bss.o)
 .text.libgcc.prologue
                0x0000000000000000        0x0 /usr/lib/gcc/avr/4.9.2/avr5/libgcc.a(_clear_bss.o)
 .text.libgcc.builtins
                0x0000000000000000        0x0 /usr/lib/gcc/avr/4.9.2/avr5/libgcc.a(_clear_bss.o)
 .text.libgcc.fmul
                0x0000000000000000        0x0 /usr/lib/gcc/avr/4.9.2/avr5/libgcc.a(_clear_bss.o)
 .text.libgcc.fixed
                0x0000000000000000        0x0 /usr/lib/gcc/avr/4.9.2/avr5/libgcc.a(_clear_bss.o)

Memory Configuration

Name             Origin             Length             Attributes
text             0x0000000000000000 0x0000000000020000 xr
data             0x0000000000800060 0x000000000000ffa0 rw !x
eeprom           0x0000000000810000 0x0000000000010000 rw !x
fuse             0x0000000000820000 0x0000000000000400 rw !x
lock             0x0000000000830000 0x0000000000000400 rw !x
signature        0x0000000000840000 0x0000000000000400 rw !x
user_signatures  0x0000000000850000 0x0000000000000400 rw !x
*default*        0x0000000000000000 0xffffffffffffffff

Linker script and memory map

Address of section .data set to 0x800100
LOAD /usr/lib/gcc/avr/4.9.2/../../../avr/lib/avr5/crtatmega32u4.o
LOAD main.o
LOAD keyboard/ergodox/controller.o
LOAD keyboard/ergodox/controller/teensy-2-0.o
LOAD keyboard/ergodox/controller/mcp23018.o
LOAD keyboard/ergodox/layout/qwerty-kinesis-mod.o
LOAD lib/twi/teensy-2-0.o
LOAD lib/key-functions/private.o
LOAD lib/usb/TODO.o
LOAD lib/key-functions/public/basic.o
LOAD lib/key-functions/public/special.o
LOAD lib/key-functions/public/device.o
LOAD lib-other/pjrc/usb_keyboard/usb_keyboard.o
START GROUP
LOAD /usr/lib/gcc/avr/4.9.2/avr5/libgcc.a
LOAD /usr/lib/gcc/avr/4.9.2/../../../avr/lib/avr5/libm.a
LOAD /usr/lib/gcc/avr/4.9.2/../../../avr/lib/avr5/libc.a
LOAD /usr/lib/gcc/avr/4.9.2/../../../avr/lib/avr5/libatmega32u4.a
END GROUP

.hash
 *(.hash)

.dynsym
 *(.dynsym)

.dynstr
 *(.dynstr)

.gnu.version
 *(.gnu.version)

.gnu.version_d
 *(.gnu.version_d)

.gnu.version_r
 *(.gnu.version_r)

.rel.init
 *(.rel.init)

.rela.init
 *(.rela.init)

.rel.text
 *(.rel.text)
 *(.rel.text.*)
 *(.rel.gnu.linkonce.t*)

.rela.text
 *(.rela.text)
 *(.rela.text.*)
 *(.rela.gnu.linkonce.t*)

.rel.fini
 *(.rel.fini)

.rela.fini
 *(.rela.fini)

.rel.rodata
 *(.rel.rodata)
 *(.rel.rodata.*)
 *(.rel.gnu.linkonce.r*)

.rela.rodata
 *(.rela.rodata)
 *(.rela.rodata.*)
 *(.rela.gnu.linkonce.r*)

.rel.data
 *(.rel.data)
 *(.rel.data.*)
 *(.rel.gnu.linkonce.d*)

.rela.data
 *(.rela.data)
 *(.rela.data.*)
 *(.rela.gnu.linkonce.d*)

.rel.ctors
 *(.rel.ctors)

.rela.ctors
 *(.rela.ctors)

.rel.dtors
 *(.rel.dtors)

.rela.dtors
 *(.rela.dtors)

.rel.got
 *(.rel.got)

.rela.got
 *(.rela.got)

.rel.bss
 *(.rel.bss)

.rela.bss
 *(.rela.bss)

.rel.plt
 *(.rel.plt)

.rela.plt
 *(.rela.plt)

.text           0x0000000000000000     0x233a
 *(.vectors)
 .vectors       0x0000000000000000       0xac /usr/lib/gcc/avr/4.9.2/../../../avr/lib/avr5/crtatmega32u4.o
                0x0000000000000000                __vectors
                0x0000000000000000                __vector_default
 *(.vectors)
 *(.progmem.gcc*)
 .progmem.gcc_sw_table._kbfun_press_release
                0x00000000000000ac       0x10 lib/key-functions/private.o
                0x00000000000000bc                . = ALIGN (0x2)
                0x00000000000000bc                __trampolines_start = .
 *(.trampolines)
 .trampolines   0x00000000000000bc        0x0 linker stubs
 *(.trampolines*)
                0x00000000000000bc                __trampolines_end = .
 *(.progmem*)
 .progmem.data._kb_layout_release
                0x00000000000000bc      0x690 keyboard/ergodox/layout/qwerty-kinesis-mod.o
                0x00000000000000bc                _kb_layout_release
 .progmem.data._kb_layout_press
                0x000000000000074c      0x690 keyboard/ergodox/layout/qwerty-kinesis-mod.o
                0x000000000000074c                _kb_layout_press
 .progmem.data._kb_layout
                0x0000000000000ddc      0x348 keyboard/ergodox/layout/qwerty-kinesis-mod.o
                0x0000000000000ddc                _kb_layout
 .progmem.data.descriptor_list
                0x0000000000001124       0x3f lib-other/pjrc/usb_keyboard/usb_keyboard.o
 .progmem.data.string2
                0x0000000000001163       0x38 lib-other/pjrc/usb_keyboard/usb_keyboard.o
 .progmem.data.string1
                0x000000000000119b       0x1a lib-other/pjrc/usb_keyboard/usb_keyboard.o
 .progmem.data.string0
                0x00000000000011b5        0x4 lib-other/pjrc/usb_keyboard/usb_keyboard.o
 .progmem.data.config1_descriptor
                0x00000000000011b9       0x3b lib-other/pjrc/usb_keyboard/usb_keyboard.o
 .progmem.data.extra_hid_report_desc
                0x00000000000011f4       0x19 lib-other/pjrc/usb_keyboard/usb_keyboard.o
 .progmem.data.keyboard_hid_report_desc
                0x000000000000120d       0x3f lib-other/pjrc/usb_keyboard/usb_keyboard.o
 .progmem.data.device_descriptor
                0x000000000000124c       0x12 lib-other/pjrc/usb_keyboard/usb_keyboard.o
 .progmem.data.endpoint_config_table
                0x000000000000125e        0x7 lib-other/pjrc/usb_keyboard/usb_keyboard.o
                0x0000000000001266                . = ALIGN (0x2)
 *fill*         0x0000000000001265        0x1 
 *(.jumptables)
 *(.jumptables*)
 *(.lowtext)
 *(.lowtext*)
                0x0000000000001266                __ctors_start = .
 *(.ctors)
                0x0000000000001266                __ctors_end = .
                0x0000000000001266                __dtors_start = .
 *(.dtors)
                0x0000000000001266                __dtors_end = .
 SORT(*)(.ctors)
 SORT(*)(.dtors)
 *(.init0)
 .init0         0x0000000000001266        0x0 /usr/lib/gcc/avr/4.9.2/../../../avr/lib/avr5/crtatmega32u4.o
                0x0000000000001266                __init
 *(.init0)
 *(.init1)
 *(.init1)
 *(.init2)
 .init2         0x0000000000001266        0xc /usr/lib/gcc/avr/4.9.2/../../../avr/lib/avr5/crtatmega32u4.o
 *(.init2)
 *(.init3)
 *(.init3)
 *(.init4)
 .init4         0x0000000000001272       0x16 /usr/lib/gcc/avr/4.9.2/avr5/libgcc.a(_copy_data.o)
                0x0000000000001272                __do_copy_data
 .init4         0x0000000000001288       0x10 /usr/lib/gcc/avr/4.9.2/avr5/libgcc.a(_clear_bss.o)
                0x0000000000001288                __do_clear_bss
 *(.init4)
 *(.init5)
 *(.init5)
 *(.init6)
 *(.init6)
 *(.init7)
 *(.init7)
 *(.init8)
 *(.init8)
 *(.init9)
 .init9         0x0000000000001298        0x6 /usr/lib/gcc/avr/4.9.2/../../../avr/lib/avr5/crtatmega32u4.o
 *(.init9)
 *(.text)
 .text          0x000000000000129e        0x4 /usr/lib/gcc/avr/4.9.2/../../../avr/lib/avr5/crtatmega32u4.o
                0x000000000000129e                __vector_38
                0x000000000000129e                __vector_22
                0x000000000000129e                __vector_28
                0x000000000000129e                __vector_1
                0x000000000000129e                __vector_32
                0x000000000000129e                __vector_34
                0x000000000000129e                __vector_24
                0x000000000000129e                __vector_12
                0x000000000000129e                __bad_interrupt
                0x000000000000129e                __vector_6
                0x000000000000129e                __vector_31
                0x000000000000129e                __vector_35
                0x000000000000129e                __vector_39
                0x000000000000129e                __vector_3
                0x000000000000129e                __vector_23
                0x000000000000129e                __vector_30
                0x000000000000129e                __vector_25
                0x000000000000129e                __vector_13
                0x000000000000129e                __vector_17
                0x000000000000129e                __vector_19
                0x000000000000129e                __vector_7
                0x000000000000129e                __vector_41
                0x000000000000129e                __vector_27
                0x000000000000129e                __vector_5
                0x000000000000129e                __vector_33
                0x000000000000129e                __vector_37
                0x000000000000129e                __vector_4
                0x000000000000129e                __vector_9
                0x000000000000129e                __vector_2
                0x000000000000129e                __vector_21
                0x000000000000129e                __vector_15
                0x000000000000129e                __vector_36
                0x000000000000129e                __vector_29
                0x000000000000129e                __vector_40
                0x000000000000129e                __vector_8
                0x000000000000129e                __vector_26
                0x000000000000129e                __vector_14
                0x000000000000129e                __vector_16
                0x000000000000129e                __vector_18
                0x000000000000129e                __vector_20
                0x000000000000129e                __vector_42
                0x00000000000012a2                . = ALIGN (0x2)
 *(.text.*)
 .text.main_layers_peek
                0x00000000000012a2       0x2a main.o
                0x00000000000012a2                main_layers_peek
 .text.main_layers_peek_sticky
                0x00000000000012cc       0x2a main.o
                0x00000000000012cc                main_layers_peek_sticky
 .text.main_layers_push
                0x00000000000012f6       0x46 main.o
                0x00000000000012f6                main_layers_push
 .text.main_layers_pop_id
                0x000000000000133c       0x8c main.o
                0x000000000000133c                main_layers_pop_id
 .text.main_exec_key
                0x00000000000013c8       0x86 main.o
                0x00000000000013c8                main_exec_key
 .text.startup.main
                0x000000000000144e      0x1c4 main.o
                0x000000000000144e                main
 .text.kb_init  0x0000000000001612       0x16 keyboard/ergodox/controller.o
                0x0000000000001612                kb_init
 .text.kb_update_matrix
                0x0000000000001628       0x20 keyboard/ergodox/controller.o
                0x0000000000001628                kb_update_matrix
 .text.teensy_init
                0x0000000000001648      0x192 keyboard/ergodox/controller/teensy-2-0.o
                0x0000000000001648                teensy_init
 .text.teensy_update_matrix
                0x00000000000017da      0x28e keyboard/ergodox/controller/teensy-2-0.o
                0x00000000000017da                teensy_update_matrix
 .text.mcp23018_init
                0x0000000000001a68       0x56 keyboard/ergodox/controller/mcp23018.o
                0x0000000000001a68                mcp23018_init
 .text.mcp23018_update_matrix
                0x0000000000001abe       0xec keyboard/ergodox/controller/mcp23018.o
                0x0000000000001abe                mcp23018_update_matrix
 .text.twi_init
                0x0000000000001baa       0x12 lib/twi/teensy-2-0.o
                0x0000000000001baa                twi_init
 .text.twi_start
                0x0000000000001bbc       0x2e lib/twi/teensy-2-0.o
                0x0000000000001bbc                twi_start
 .text.twi_stop
                0x0000000000001bea       0x10 lib/twi/teensy-2-0.o
                0x0000000000001bea                twi_stop
 .text.twi_send
                0x0000000000001bfa       0x3c lib/twi/teensy-2-0.o
                0x0000000000001bfa                twi_send
 .text.twi_read
                0x0000000000001c36       0x2c lib/twi/teensy-2-0.o
                0x0000000000001c36                twi_read
 .text._kbfun_press_release
                0x0000000000001c62       0xbe lib/key-functions/private.o
                0x0000000000001c62                _kbfun_press_release
 .text.layer_pop
                0x0000000000001d20       0x1c lib/key-functions/public/basic.o
 .text.layer_push
                0x0000000000001d3c       0x58 lib/key-functions/public/basic.o
 .text.kbfun_press_release_preserve_sticky
                0x0000000000001d94       0x2e lib/key-functions/public/basic.o
                0x0000000000001d94                kbfun_press_release_preserve_sticky
 .text.kbfun_press_release
                0x0000000000001dc2       0x10 lib/key-functions/public/basic.o
                0x0000000000001dc2                kbfun_press_release
 .text.kbfun_transparent
                0x0000000000001dd2       0x32 lib/key-functions/public/basic.o
                0x0000000000001dd2                kbfun_transparent
 .text.kbfun_layer_push_1
                0x0000000000001e04        0x4 lib/key-functions/public/basic.o
                0x0000000000001e04                kbfun_layer_push_1
 .text.kbfun_layer_pop_1
                0x0000000000001e08        0x4 lib/key-functions/public/basic.o
                0x0000000000001e08                kbfun_layer_pop_1
 .text.kbfun_shift_press_release
                0x0000000000001e0c        0xa lib/key-functions/public/special.o
                0x0000000000001e0c                kbfun_shift_press_release
 .text.kbfun_jump_to_bootloader
                0x0000000000001e16       0x64 lib/key-functions/public/device.o
                0x0000000000001e16                kbfun_jump_to_bootloader
 .text.usb_wait_in_ready
                0x0000000000001e7a        0xa lib-other/pjrc/usb_keyboard/usb_keyboard.o
 .text.usb_init
                0x0000000000001e84       0x2e lib-other/pjrc/usb_keyboard/usb_keyboard.o
                0x0000000000001e84                usb_init
 .text.usb_configured
                0x0000000000001eb2        0x6 lib-other/pjrc/usb_keyboard/usb_keyboard.o
                0x0000000000001eb2                usb_configured
 .text.usb_keyboard_send
                0x0000000000001eb8       0x70 lib-other/pjrc/usb_keyboard/usb_keyboard.o
                0x0000000000001eb8                usb_keyboard_send
 .text.__vector_10
                0x0000000000001f28       0xb8 lib-other/pjrc/usb_keyboard/usb_keyboard.o
                0x0000000000001f28                __vector_10
 .text.__vector_11
                0x0000000000001fe0      0x2b4 lib-other/pjrc/usb_keyboard/usb_keyboard.o
                0x0000000000001fe0                __vector_11
 .text.usb_extra_send
                0x0000000000002294       0x5a lib-other/pjrc/usb_keyboard/usb_keyboard.o
                0x0000000000002294                usb_extra_send
 .text.usb_extra_consumer_send
                0x00000000000022ee       0x3c lib-other/pjrc/usb_keyboard/usb_keyboard.o
                0x00000000000022ee                usb_extra_consumer_send
 .text.libgcc   0x000000000000232a        0xc /usr/lib/gcc/avr/4.9.2/avr5/libgcc.a(_tablejump2.o)
                0x000000000000232a                __tablejump2__
                0x0000000000002336                . = ALIGN (0x2)
 *(.fini9)
 .fini9         0x0000000000002336        0x0 /usr/lib/gcc/avr/4.9.2/avr5/libgcc.a(_exit.o)
                0x0000000000002336                exit
                0x0000000000002336                _exit
 *(.fini9)
 *(.fini8)
 *(.fini8)
 *(.fini7)
 *(.fini7)
 *(.fini6)
 *(.fini6)
 *(.fini5)
 *(.fini5)
 *(.fini4)
 *(.fini4)
 *(.fini3)
 *(.fini3)
 *(.fini2)
 *(.fini2)
 *(.fini1)
 *(.fini1)
 *(.fini0)
 .fini0         0x0000000000002336        0x4 /usr/lib/gcc/avr/4.9.2/avr5/libgcc.a(_exit.o)
 *(.fini0)
                0x000000000000233a                _etext = .

.data           0x0000000000800100       0x1a load address 0x000000000000233a
                0x0000000000800100                PROVIDE (__data_start, .)
 *(.data)
 *(.data*)
 .data.layers_ids_in_use
                0x0000000000800100       0x14 main.o
                0x0000000000800100                layers_ids_in_use
 .data.main_kb_was_pressed
                0x0000000000800114        0x2 main.o
                0x0000000000800114                main_kb_was_pressed
 .data.main_kb_is_pressed
                0x0000000000800116        0x2 main.o
                0x0000000000800116                main_kb_is_pressed
 .data.keyboard_idle_config
                0x0000000000800118        0x1 lib-other/pjrc/usb_keyboard/usb_keyboard.o
 .data.keyboard_protocol
                0x0000000000800119        0x1 lib-other/pjrc/usb_keyboard/usb_keyboard.o
 *(.rodata)
 *(.rodata*)
 *(.gnu.linkonce.d*)
                0x000000000080011a                . = ALIGN (0x2)
                0x000000000080011a                _edata = .
                0x000000000080011a                PROVIDE (__data_end, .)

.bss            0x000000000080011a      0x1b1
                0x000000000080011a                PROVIDE (__bss_start, .)
 *(.bss)
 *(.bss*)
 .bss.layers_head
                0x000000000080011a        0x1 main.o
                0x000000000080011a                layers_head
 .bss.main_kb_was_transparent
                0x000000000080011b       0x54 main.o
 .bss._main_kb_was_pressed
                0x000000000080016f       0x54 main.o
 .bss._main_kb_is_pressed
                0x00000000008001c3       0x54 main.o
 .bss.layer_ids
                0x0000000000800217        0xb lib/key-functions/public/basic.o
 .bss.div4.1745
                0x0000000000800222        0x1 lib-other/pjrc/usb_keyboard/usb_keyboard.o
 .bss.keyboard_leds
                0x0000000000800223        0x1 lib-other/pjrc/usb_keyboard/usb_keyboard.o
                0x0000000000800223                keyboard_leds
 .bss.keyboard_idle_count
                0x0000000000800224        0x1 lib-other/pjrc/usb_keyboard/usb_keyboard.o
 .bss.keyboard_keys
                0x0000000000800225        0x6 lib-other/pjrc/usb_keyboard/usb_keyboard.o
                0x0000000000800225                keyboard_keys
 .bss.keyboard_modifier_keys
                0x000000000080022b        0x1 lib-other/pjrc/usb_keyboard/usb_keyboard.o
                0x000000000080022b                keyboard_modifier_keys
 .bss.usb_configuration
                0x000000000080022c        0x1 lib-other/pjrc/usb_keyboard/usb_keyboard.o
 *(COMMON)
 COMMON         0x000000000080022d       0x9a main.o
                0x000000000080022d                main_loop_row
                0x000000000080022e                main_arg_any_non_trans_key_pressed
                0x000000000080022f                main_layers_pressed
                0x0000000000800283                main_arg_row
                0x0000000000800284                main_arg_layer
                0x0000000000800285                layers
                0x00000000008002c1                main_arg_was_pressed
                0x00000000008002c2                main_arg_trans_key_pressed
                0x00000000008002c3                main_arg_is_pressed
                0x00000000008002c4                main_loop_col
                0x00000000008002c5                main_arg_layer_offset
                0x00000000008002c6                main_arg_col
 COMMON         0x00000000008002c7        0x4 lib-other/pjrc/usb_keyboard/usb_keyboard.o
                0x00000000008002c7                consumer_key
                0x00000000008002c9                last_consumer_key
                0x00000000008002cb                PROVIDE (__bss_end, .)
                0x000000000000233a                __data_load_start = LOADADDR (.data)
                0x0000000000002354                __data_load_end = (__data_load_start + SIZEOF (.data))

.noinit         0x00000000008002cb        0x0
                0x00000000008002cb                PROVIDE (__noinit_start, .)
 *(.noinit*)
                0x00000000008002cb                PROVIDE (__noinit_end, .)
                0x00000000008002cb                _end = .
                0x00000000008002cb                PROVIDE (__heap_start, .)

.eeprom         0x0000000000810000        0x0
 *(.eeprom*)
                0x0000000000810000                __eeprom_end = .

.fuse
 *(.fuse)
 *(.lfuse)
 *(.hfuse)
 *(.efuse)

.lock
 *(.lock*)

.signature
 *(.signature*)

.user_signatures
 *(.user_signatures*)

.stab
 *(.stab)

.stabstr
 *(.stabstr)

.stab.excl
 *(.stab.excl)

.stab.exclstr
 *(.stab.exclstr)

.stab.index
 *(.stab.index)

.stab.indexstr
 *(.stab.indexstr)

.comment        0x0000000000000000       0x11
 *(.comment)
 .comment       0x0000000000000000       0x11 main.o
                                         0x12 (size before relaxing)
 .comment       0x0000000000000011       0x12 keyboard/ergodox/controller.o
 .comment       0x0000000000000011       0x12 keyboard/ergodox/controller/teensy-2-0.o
 .comment       0x0000000000000011       0x12 keyboard/ergodox/controller/mcp23018.o
 .comment       0x0000000000000011       0x12 keyboard/ergodox/layout/qwerty-kinesis-mod.o
 .comment       0x0000000000000011       0x12 lib/twi/teensy-2-0.o
 .comment       0x0000000000000011       0x12 lib/key-functions/private.o
 .comment       0x0000000000000011       0x12 lib/key-functions/public/basic.o
 .comment       0x0000000000000011       0x12 lib/key-functions/public/special.o
 .comment       0x0000000000000011       0x12 lib/key-functions/public/device.o
 .comment       0x0000000000000011       0x12 lib-other/pjrc/usb_keyboard/usb_keyboard.o

.note.gnu.avr.deviceinfo
                0x0000000000000000       0x40
 .note.gnu.avr.deviceinfo
                0x0000000000000000       0x40 /usr/lib/gcc/avr/4.9.2/../../../avr/lib/avr5/crtatmega32u4.o

.note.gnu.build-id
 *(.note.gnu.build-id)

.debug
 *(.debug)

.line
 *(.line)

.debug_srcinfo
 *(.debug_srcinfo)

.debug_sfnames
 *(.debug_sfnames)

.debug_aranges
 *(.debug_aranges)

.debug_pubnames
 *(.debug_pubnames)

.debug_info
 *(.debug_info .gnu.linkonce.wi.*)

.debug_abbrev
 *(.debug_abbrev)

.debug_line
 *(.debug_line .debug_line.* .debug_line_end)

.debug_frame
 *(.debug_frame)

.debug_str
 *(.debug_str)

.debug_loc
 *(.debug_loc)

.debug_macinfo
 *(.debug_macinfo)

.debug_weaknames
 *(.debug_weaknames)

.debug_funcnames
 *(.debug_funcnames)

.debug_typenames
 *(.debug_typenames)

.debug_varnames
 *(.debug_varnames)

.debug_pubtypes
 *(.debug_pubtypes)

.debug_ranges
 *(.debug_ranges)

.debug_macro
 *(.debug_macro)
OUTPUT(firmware.elf elf32-avr)
LOAD linker stubs

Cross Reference Table

Symbol                                            File
__bad_interrupt                                   /usr/lib/gcc/avr/4.9.2/../../../avr/lib/avr5/crtatmega32u4.o
__bss_end                                         /usr/lib/gcc/avr/4.9.2/avr5/libgcc.a(_clear_bss.o)
__bss_start                                       /usr/lib/gcc/avr/4.9.2/avr5/libgcc.a(_clear_bss.o)
__data_end                                        /usr/lib/gcc/avr/4.9.2/avr5/libgcc.a(_copy_data.o)
__data_load_start                                 /usr/lib/gcc/avr/4.9.2/avr5/libgcc.a(_copy_data.o)
__data_start                                      /usr/lib/gcc/avr/4.9.2/avr5/libgcc.a(_copy_data.o)
__do_clear_bss                                    /usr/lib/gcc/avr/4.9.2/avr5/libgcc.a(_clear_bss.o)
                                                  lib-other/pjrc/usb_keyboard/usb_keyboard.o
                                                  lib/key-functions/public/special.o
                                                  lib/key-functions/public/basic.o
                                                  main.o
__do_copy_data                                    /usr/lib/gcc/avr/4.9.2/avr5/libgcc.a(_copy_data.o)
                                                  lib-other/pjrc/usb_keyboard/usb_keyboard.o
                                                  lib/key-functions/private.o
                                                  main.o
__heap_end                                        /usr/lib/gcc/avr/4.9.2/../../../avr/lib/avr5/crtatmega32u4.o
__init                                            /usr/lib/gcc/avr/4.9.2/../../../avr/lib/avr5/crtatmega32u4.o
__stack                                           /usr/lib/gcc/avr/4.9.2/../../../avr/lib/avr5/crtatmega32u4.o
__tablejump2__                                    /usr/lib/gcc/avr/4.9.2/avr5/libgcc.a(_tablejump2.o)
                                                  lib/key-functions/private.o
__vector_1                                        /usr/lib/gcc/avr/4.9.2/../../../avr/lib/avr5/crtatmega32u4.o
__vector_10                                       lib-other/pjrc/usb_keyboard/usb_keyboard.o
                                                  /usr/lib/gcc/avr/4.9.2/../../../avr/lib/avr5/crtatmega32u4.o
__vector_11                                       lib-other/pjrc/usb_keyboard/usb_keyboard.o
                                                  /usr/lib/gcc/avr/4.9.2/../../../avr/lib/avr5/crtatmega32u4.o
__vector_12                                       /usr/lib/gcc/avr/4.9.2/../../../avr/lib/avr5/crtatmega32u4.o
__vector_13                                       /usr/lib/gcc/avr/4.9.2/../../../avr/lib/avr5/crtatmega32u4.o
__vector_14                                       /usr/lib/gcc/avr/4.9.2/../../../avr/lib/avr5/crtatmega32u4.o
__vector_15                                       /usr/lib/gcc/avr/4.9.2/../../../avr/lib/avr5/crtatmega32u4.o
__vector_16                                       /usr/lib/gcc/avr/4.9.2/../../../avr/lib/avr5/crtatmega32u4.o
__vector_17                                       /usr/lib/gcc/avr/4.9.2/../../../avr/lib/avr5/crtatmega32u4.o
__vector_18                                       /usr/lib/gcc/avr/4.9.2/../../../avr/lib/avr5/crtatmega32u4.o
__vector_19                                       /usr/lib/gcc/avr/4.9.2/../../../avr/lib/avr5/crtatmega32u4.o
__vector_2                                        /usr/lib/gcc/avr/4.9.2/../../../avr/lib/avr5/crtatmega32u4.o
__vector_20                                       /usr/lib/gcc/avr/4.9.2/../../../avr/lib/avr5/crtatmega32u4.o
__vector_21                                       /usr/lib/gcc/avr/4.9.2/../../../avr/lib/avr5/crtatmega32u4.o
__vector_22                                       /usr/lib/gcc/avr/4.9.2/../../../avr/lib/avr5/crtatmega32u4.o
__vector_23                                       /usr/lib/gcc/avr/4.9.2/../../../avr/lib/avr5/crtatmega32u4.o
__vector_24                                       /usr/lib/gcc/avr/4.9.2/../../../avr/lib/avr5/crtatmega32u4.o
__vector_25                                       /usr/lib/gcc/avr/4.9.2/../../../avr/lib/avr5/crtatmega32u4.o
__vector_26                                       /usr/lib/gcc/avr/4.9.2/../../../avr/lib/avr5/crtatmega32u4.o
__vector_27                                       /usr/lib/gcc/avr/4.9.2/../../../avr/lib/avr5/crtatmega32u4.o
__vector_28                                       /usr/lib/gcc/avr/4.9.2/../../../avr/lib/avr5/crtatmega32u4.o
__vector_29                                       /usr/lib/gcc/avr/4.9.2/../../../avr/lib/avr5/crtatmega32u4.o
__vector_3                                        /usr/lib/gcc/avr/4.9.2/../../../avr/lib/avr5/crtatmega32u4.o
__vector_30                                       /usr/lib/gcc/avr/4.9.2/../../../avr/lib/avr5/crtatmega32u4.o
__vector_31                                       /usr/lib/gcc/avr/4.9.2/../../../avr/lib/avr5/crtatmega32u4.o
__vector_32                                       /usr/lib/gcc/avr/4.9.2/../../../avr/lib/avr5/crtatmega32u4.o
__vector_33                                       /usr/lib/gcc/avr/4.9.2/../../../avr/lib/avr5/crtatmega32u4.o
__vector_34                                       /usr/lib/gcc/avr/4.9.2/../../../avr/lib/avr5/crtatmega32u4.o
__vector_35                                       /usr/lib/gcc/avr/4.9.2/../../../avr/lib/avr5/crtatmega32u4.o
__vector_36                                       /usr/lib/gcc/avr/4.9.2/../../../avr/lib/avr5/crtatmega32u4.o
__vector_37                                       /usr/lib/gcc/avr/4.9.2/../../../avr/lib/avr5/crtatmega32u4.o
__vector_38                                       /usr/lib/gcc/avr/4.9.2/../../../avr/lib/avr5/crtatmega32u4.o
__vector_39                                       /usr/lib/gcc/avr/4.9.2/../../../avr/lib/avr5/crtatmega32u4.o
__vector_4                                        /usr/lib/gcc/avr/4.9.2/../../../avr/lib/avr5/crtatmega32u4.o
__vector_40                                       /usr/lib/gcc/avr/4.9.2/../../../avr/lib/avr5/crtatmega32u4.o
__vector_41                                       /usr/lib/gcc/avr/4.9.2/../../../avr/lib/avr5/crtatmega32u4.o
__vector_42                                       /usr/lib/gcc/avr/4.9.2/../../../avr/lib/avr5/crtatmega32u4.o
__vector_5                                        /usr/lib/gcc/avr/4.9.2/../../../avr/lib/avr5/crtatmega32u4.o
__vector_6                                        /usr/lib/gcc/avr/4.9.2/../../../avr/lib/avr5/crtatmega32u4.o
__vector_7                                        /usr/lib/gcc/avr/4.9.2/../../../avr/lib/avr5/crtatmega32u4.o
__vector_8                                        /usr/lib/gcc/avr/4.9.2/../../../avr/lib/avr5/crtatmega32u4.o
__vector_9                                        /usr/lib/gcc/avr/4.9.2/../../../avr/lib/avr5/crtatmega32u4.o
__vector_default                                  /usr/lib/gcc/avr/4.9.2/../../../avr/lib/avr5/crtatmega32u4.o
__vectors                                         /usr/lib/gcc/avr/4.9.2/../../../avr/lib/avr5/crtatmega32u4.o
_exit                                             /usr/lib/gcc/avr/4.9.2/avr5/libgcc.a(_exit.o)
_kb_layout                                        keyboard/ergodox/layout/qwerty-kinesis-mod.o
                                                  lib/key-functions/public/special.o
                                                  lib/key-functions/public/basic.o
_kb_layout_press                                  keyboard/ergodox/layout/qwerty-kinesis-mod.o
                                                  main.o
_kb_layout_release                                keyboard/ergodox/layout/qwerty-kinesis-mod.o
                                                  main.o
_kbfun_is_pressed                                 lib/key-functions/private.o
                                                  lib/key-functions/public/special.o
                                                  lib/key-functions/public/basic.o
_kbfun_mediakey_press_release                     lib/key-functions/private.o
                                                  lib/key-functions/public/special.o
_kbfun_press_release                              lib/key-functions/private.o
                                                  lib/key-functions/public/special.o
                                                  lib/key-functions/public/basic.o
consumer_key                                      lib-other/pjrc/usb_keyboard/usb_keyboard.o
                                                  lib/key-functions/private.o
exit                                              /usr/lib/gcc/avr/4.9.2/avr5/libgcc.a(_exit.o)
                                                  /usr/lib/gcc/avr/4.9.2/../../../avr/lib/avr5/crtatmega32u4.o
kb_init                                           keyboard/ergodox/controller.o
                                                  main.o
kb_update_matrix                                  keyboard/ergodox/controller.o
                                                  main.o
kbfun_2_keys_capslock_press_release               lib/key-functions/public/special.o
kbfun_jump_to_bootloader                          lib/key-functions/public/device.o
                                                  keyboard/ergodox/layout/qwerty-kinesis-mod.o
kbfun_layer_pop_1                                 lib/key-functions/public/basic.o
                                                  keyboard/ergodox/layout/qwerty-kinesis-mod.o
kbfun_layer_pop_10                                lib/key-functions/public/basic.o
kbfun_layer_pop_2                                 lib/key-functions/public/basic.o
kbfun_layer_pop_3                                 lib/key-functions/public/basic.o
kbfun_layer_pop_4                                 lib/key-functions/public/basic.o
kbfun_layer_pop_5                                 lib/key-functions/public/basic.o
kbfun_layer_pop_6                                 lib/key-functions/public/basic.o
kbfun_layer_pop_7                                 lib/key-functions/public/basic.o
kbfun_layer_pop_8                                 lib/key-functions/public/basic.o
kbfun_layer_pop_9                                 lib/key-functions/public/basic.o
kbfun_layer_pop_numpad                            lib/key-functions/public/special.o
kbfun_layer_push_1                                lib/key-functions/public/basic.o
                                                  keyboard/ergodox/layout/qwerty-kinesis-mod.o
kbfun_layer_push_10                               lib/key-functions/public/basic.o
kbfun_layer_push_2                                lib/key-functions/public/basic.o
kbfun_layer_push_3                                lib/key-functions/public/basic.o
kbfun_layer_push_4                                lib/key-functions/public/basic.o
kbfun_layer_push_5                                lib/key-functions/public/basic.o
kbfun_layer_push_6                                lib/key-functions/public/basic.o
kbfun_layer_push_7                                lib/key-functions/public/basic.o
kbfun_layer_push_8                                lib/key-functions/public/basic.o
kbfun_layer_push_9                                lib/key-functions/public/basic.o
kbfun_layer_push_numpad                           lib/key-functions/public/special.o
kbfun_layer_sticky_1                              lib/key-functions/public/basic.o
kbfun_layer_sticky_10                             lib/key-functions/public/basic.o
kbfun_layer_sticky_2                              lib/key-functions/public/basic.o
kbfun_layer_sticky_3                              lib/key-functions/public/basic.o
kbfun_layer_sticky_4                              lib/key-functions/public/basic.o
kbfun_layer_sticky_5                              lib/key-functions/public/basic.o
kbfun_layer_sticky_6                              lib/key-functions/public/basic.o
kbfun_layer_sticky_7                              lib/key-functions/public/basic.o
kbfun_layer_sticky_8                              lib/key-functions/public/basic.o
kbfun_layer_sticky_9                              lib/key-functions/public/basic.o
kbfun_layer_toggle_1                              lib/key-functions/public/basic.o
kbfun_layer_toggle_10                             lib/key-functions/public/basic.o
kbfun_layer_toggle_2                              lib/key-functions/public/basic.o
kbfun_layer_toggle_3                              lib/key-functions/public/basic.o
kbfun_layer_toggle_4                              lib/key-functions/public/basic.o
kbfun_layer_toggle_5                              lib/key-functions/public/basic.o
kbfun_layer_toggle_6                              lib/key-functions/public/basic.o
kbfun_layer_toggle_7                              lib/key-functions/public/basic.o
kbfun_layer_toggle_8                              lib/key-functions/public/basic.o
kbfun_layer_toggle_9                              lib/key-functions/public/basic.o
kbfun_mediakey_press_release                      lib/key-functions/public/special.o
kbfun_press_release                               lib/key-functions/public/basic.o
                                                  lib/key-functions/public/special.o
                                                  keyboard/ergodox/layout/qwerty-kinesis-mod.o
kbfun_press_release_preserve_sticky               lib/key-functions/public/basic.o
kbfun_shift_press_release                         lib/key-functions/public/special.o
                                                  keyboard/ergodox/layout/qwerty-kinesis-mod.o
kbfun_toggle                                      lib/key-functions/public/basic.o
kbfun_transparent                                 lib/key-functions/public/basic.o
                                                  keyboard/ergodox/layout/qwerty-kinesis-mod.o
keyboard_keys                                     lib-other/pjrc/usb_keyboard/usb_keyboard.o
                                                  lib/key-functions/private.o
keyboard_leds                                     lib-other/pjrc/usb_keyboard/usb_keyboard.o
                                                  main.o
keyboard_modifier_keys                            lib-other/pjrc/usb_keyboard/usb_keyboard.o
                                                  lib/key-functions/private.o
last_consumer_key                                 lib-other/pjrc/usb_keyboard/usb_keyboard.o
layers                                            main.o
layers_head                                       main.o
layers_ids_in_use                                 main.o
main                                              main.o
                                                  /usr/lib/gcc/avr/4.9.2/../../../avr/lib/avr5/crtatmega32u4.o
main_arg_any_non_trans_key_pressed                main.o
                                                  lib/key-functions/public/basic.o
main_arg_col                                      main.o
                                                  lib/key-functions/public/special.o
                                                  lib/key-functions/public/basic.o
main_arg_is_pressed                               main.o
                                                  lib/key-functions/public/special.o
                                                  lib/key-functions/public/basic.o
main_arg_layer                                    main.o
                                                  lib/key-functions/public/special.o
                                                  lib/key-functions/public/basic.o
main_arg_layer_offset                             main.o
                                                  lib/key-functions/public/basic.o
main_arg_row                                      main.o
                                                  lib/key-functions/public/special.o
                                                  lib/key-functions/public/basic.o
main_arg_trans_key_pressed                        main.o
                                                  lib/key-functions/public/basic.o
main_arg_was_pressed                              main.o
main_exec_key                                     main.o
                                                  lib/key-functions/public/basic.o
main_kb_is_pressed                                main.o
main_kb_was_pressed                               main.o
main_layers_peek                                  main.o
                                                  lib/key-functions/public/basic.o
main_layers_peek_sticky                           main.o
                                                  lib/key-functions/public/basic.o
main_layers_pop_id                                main.o
                                                  lib/key-functions/public/special.o
                                                  lib/key-functions/public/basic.o
main_layers_pressed                               main.o
                                                  lib/key-functions/public/basic.o
main_layers_push                                  main.o
                                                  lib/key-functions/public/special.o
                                                  lib/key-functions/public/basic.o
main_loop_col                                     main.o
main_loop_row                                     main.o
mcp23018_init                                     keyboard/ergodox/controller/mcp23018.o
                                                  keyboard/ergodox/controller.o
mcp23018_update_matrix                            keyboard/ergodox/controller/mcp23018.o
                                                  keyboard/ergodox/controller.o
teensy_init                                       keyboard/ergodox/controller/teensy-2-0.o
                                                  keyboard/ergodox/controller.o
teensy_update_matrix                              keyboard/ergodox/controller/teensy-2-0.o
                                                  keyboard/ergodox/controller.o
twi_init                                          lib/twi/teensy-2-0.o
                                                  keyboard/ergodox/controller/teensy-2-0.o
twi_read                                          lib/twi/teensy-2-0.o
                                                  keyboard/ergodox/controller/mcp23018.o
twi_send                                          lib/twi/teensy-2-0.o
                                                  keyboard/ergodox/controller/mcp23018.o
twi_start                                         lib/twi/teensy-2-0.o
                                                  keyboard/ergodox/controller/mcp23018.o
twi_stop                                          lib/twi/teensy-2-0.o
                                                  keyboard/ergodox/controller/mcp23018.o
usb_configured                                    lib-other/pjrc/usb_keyboard/usb_keyboard.o
                                                  main.o
usb_extra_consumer_send                           lib-other/pjrc/usb_keyboard/usb_keyboard.o
                                                  main.o
usb_extra_send                                    lib-other/pjrc/usb_keyboard/usb_keyboard.o
usb_init                                          lib-other/pjrc/usb_keyboard/usb_keyboard.o
                                                  main.o
usb_keyboard_press                                lib-other/pjrc/usb_keyboard/usb_keyboard.o
usb_keyboard_send                                 lib-other/pjrc/usb_keyboard/usb_keyboard.o
                                                  lib/key-functions/public/special.o
                                                  main.o
